// Jest Snapshot v1, https://goo.gl/fbAQLP

exports[`Should match snapshot 1`] = `
.c0 {
  display: -webkit-box;
  display: -webkit-flex;
  display: -ms-flexbox;
  display: flex;
  width: 100%;
  height: 40px;
  border-radius: 5px;
  border: none;
  -webkit-box-pack: center;
  -webkit-justify-content: center;
  -ms-flex-pack: center;
  justify-content: center;
  -webkit-align-items: center;
  -webkit-box-align: center;
  -ms-flex-align: center;
  align-items: center;
  font-weight: bold;
  color: white;
  cursor: pointer;
  background: rgb(236 72 153);
  box-shadow: 0 4px 6px -1px rgb(0 0 0 / 0.1),0 2px 4px -2px rgb(0 0 0 / 0.1);
  --tw-shadow-color: #94a3b8;
  margin: 6px 0px 6px 0px;
}

<button
  className="c0"
  data-testid="test-button-id"
  onClick={[MockFunction]}
>
  Button Test
</button>
`;
