// Jest Snapshot v1, https://goo.gl/fbAQLP

exports[`Should match snapshot and havestyles: 1`] = `
.c0 {
  display: -webkit-box;
  display: -webkit-flex;
  display: -ms-flexbox;
  display: flex;
  border: none;
  -webkit-align-items: center;
  -webkit-box-align: center;
  -ms-flex-align: center;
  align-items: center;
  color: black;
  -webkit-box-pack: center;
  -webkit-justify-content: center;
  -ms-flex-pack: center;
  justify-content: center;
  font-weight: 500;
  font-size: 1rem;
}

<div
  className="c0"
  color="black"
  data-testid="TextLabel-1"
  fontSize="1rem"
  fontWeight="500"
>
  TextLabel Test
</div>
`;
