// Jest Snapshot v1, https://goo.gl/fbAQLP

exports[`Should match snapshot and have styles: 1`] = `
.c0 {
  display: -webkit-box;
  display: -webkit-flex;
  display: -ms-flexbox;
  display: flex;
  width: 100%;
  -webkit-box-pack: start;
  -webkit-justify-content: start;
  -ms-flex-pack: start;
  justify-content: start;
  -webkit-align-items: center;
  -webkit-box-align: center;
  -ms-flex-align: center;
  align-items: center;
  font-weight: bold;
  color: rgb(82 82 91);
}

<div
  className="c0"
  data-testid="Header-1"
>
  Header Test
</div>
`;
